# serializer version: 1
# name: test_contfrag_sorted_spikes_classifier_snapshot[posterior_summary]
  dict({
    'dtype': 'float32',
    'first_5': list([
      0.00803915224969387,
      0.008032179437577724,
      0.008021487854421139,
      0.008006716147065163,
      0.007988138124346733,
    ]),
    'last_5': list([
      0.003568395273759961,
      0.003570385044440627,
      0.003572101006284356,
      0.003573428140953183,
      0.003574422560632229,
    ]),
    'max': 0.2712382674217224,
    'mean': 0.00581395672634244,
    'min': 1.366967804441288e-31,
    'shape': tuple(
      97500,
      172,
    ),
    'std': 0.015416691079735756,
    'sum': 97500.0546875,
  })
# ---
# name: test_contfrag_sorted_spikes_classifier_snapshot[state_probabilities]
  dict({
    'max_per_state': dict({
      'Continuous': 0.9999502897262573,
      'Fragmented': 0.9754221439361572,
    }),
    'mean_per_state': dict({
      'Continuous': 0.7639068961143494,
      'Fragmented': 0.23609308898448944,
    }),
    'min_per_state': dict({
      'Continuous': 0.02457786537706852,
      'Fragmented': 4.973888280801475e-05,
    }),
    'shape': tuple(
      97500,
      2,
    ),
    'states': list([
      np.str_('Continuous'),
      np.str_('Fragmented'),
    ]),
  })
# ---
# name: test_contfrag_sorted_spikes_classifier_snapshot[transitions_summary]
  dict({
    'shape': tuple(
      172,
      172,
    ),
    'sum_axis1_max': 2.0000000000000004,
    'sum_axis1_mean': 2.0,
    'sum_axis1_min': 1.9999999999999996,
    'sum_axis1_std': 1.9154948419142388e-16,
  })
# ---
# name: test_detector_encoding_model_snapshot[occupancy_summary]
  dict({
    'max': 0.022265903651714325,
    'mean': 0.0047567603178322315,
    'min': 0.002888048067688942,
    'shape': tuple(
      86,
    ),
    'sum': 0.409081369638443,
  })
# ---
# name: test_detector_encoding_model_snapshot[place_fields_summary]
  dict({
    'argmax_positions': list([
      0,
      1,
      6,
      9,
      12,
    ]),
    'max_rates': list([
      0.009271292015910149,
      0.009650791995227337,
      0.006796794943511486,
      0.005789443384855986,
      0.006383868865668774,
    ]),
    'mean_rates': list([
      0.0005235845455899835,
      0.0008181324228644371,
      0.0006972372648306191,
      0.0005797083722427487,
      0.0006156781455501914,
    ]),
    'n_neurons': 30,
    'place_field_shape': tuple(
      86,
    ),
  })
# ---
# name: test_nonlocal_detector_different_algorithms_snapshot[sorted_spikes_kde-algorithm_params0]
  dict({
    'max_per_state': dict({
      'Local': 1.0,
      'No-Spike': 0.007492624688893557,
      'Non-Local Continuous': 0.9980527758598328,
      'Non-Local Fragmented': 0.9927268624305725,
    }),
    'mean_per_state': dict({
      'Local': 0.9751313924789429,
      'No-Spike': 0.00031108991242945194,
      'Non-Local Continuous': 0.01619352586567402,
      'Non-Local Fragmented': 0.008364012464880943,
    }),
    'min_per_state': dict({
      'Local': 3.2001970418085534e-30,
      'No-Spike': 0.0,
      'Non-Local Continuous': 0.0,
      'Non-Local Fragmented': 0.0,
    }),
    'shape': tuple(
      97500,
      4,
    ),
    'states': list([
      np.str_('Local'),
      np.str_('No-Spike'),
      np.str_('Non-Local Continuous'),
      np.str_('Non-Local Fragmented'),
    ]),
  })
# ---
# name: test_nonlocal_sorted_spikes_detector_snapshot[model_summary]
  dict({
    'discrete_state_transitions_shape': tuple(
      4,
      4,
    ),
    'discrete_state_transitions_sum_axis1': list([
      1.0,
      1.0,
      1.0,
      1.0,
    ]),
    'initial_conditions_shape': tuple(
      174,
    ),
    'initial_conditions_sum': 1.0,
    'n_position_bins': 86,
  })
# ---
# name: test_nonlocal_sorted_spikes_detector_snapshot[posterior_summary]
  dict({
    'dtype': 'float32',
    'first_5': list([
      1.0,
      0.0,
      0.0,
      0.0,
      0.0,
    ]),
    'last_5': list([
      5.739624975831248e-05,
      5.7428253057878464e-05,
      5.745585440308787e-05,
      5.7477198424749076e-05,
      5.749319461756386e-05,
    ]),
    'max': 1.0,
    'mean': 0.0057471212930977345,
    'min': 0.0,
    'shape': tuple(
      97500,
      174,
    ),
    'std': 0.07410204410552979,
    'sum': 97499.9140625,
  })
# ---
# name: test_nonlocal_sorted_spikes_detector_snapshot[state_probabilities]
  dict({
    'max_per_state': dict({
      'Local': 1.0,
      'No-Spike': 0.007492624688893557,
      'Non-Local Continuous': 0.9980527758598328,
      'Non-Local Fragmented': 0.9927268624305725,
    }),
    'mean_per_state': dict({
      'Local': 0.9751313924789429,
      'No-Spike': 0.00031108991242945194,
      'Non-Local Continuous': 0.01619352586567402,
      'Non-Local Fragmented': 0.008364012464880943,
    }),
    'min_per_state': dict({
      'Local': 3.2001970418085534e-30,
      'No-Spike': 0.0,
      'Non-Local Continuous': 0.0,
      'Non-Local Fragmented': 0.0,
    }),
    'shape': tuple(
      97500,
      4,
    ),
    'states': list([
      np.str_('Local'),
      np.str_('No-Spike'),
      np.str_('Non-Local Continuous'),
      np.str_('Non-Local Fragmented'),
    ]),
  })
# ---
# name: test_sorted_spikes_decoder_snapshot[posterior_summary]
  dict({
    'dtype': 'float32',
    'first_5': list([
      0.05160290002822876,
      0.051434893161058426,
      0.051135268062353134,
      0.05067235603928566,
      0.05004323273897171,
    ]),
    'last_5': list([
      7.546769470196529e-14,
      8.687820428343596e-14,
      9.456822667617756e-14,
      9.183136835590883e-14,
      7.031884568988594e-14,
    ]),
    'max': 0.2717386782169342,
    'mean': 0.011627902276813984,
    'min': 0.0,
    'shape': tuple(
      97500,
      86,
    ),
    'std': 0.027332890778779984,
    'sum': 97499.9609375,
  })
# ---
# name: test_sorted_spikes_decoder_snapshot[state_probabilities]
  dict({
    'max': 1.0000003576278687,
    'mean': 1.0,
    'min': 0.9999995827674866,
    'shape': tuple(
      97500,
    ),
  })
# ---
