# serializer version: 1
# name: test_clusterless_kde_encoding_model_snapshot
  dict({
    'mean_rates': list([
      0.02,
      0.025,
      0.015,
    ]),
    'n_electrodes': 3,
    'n_encoding_spikes_per_electrode': list([
      4,
      5,
      3,
    ]),
    'occupancy_stats': dict({
      'max': 0.0994294211268425,
      'mean': 0.08875985443592072,
      'min': 0.0641566589474678,
      'shape': tuple(
        10,
      ),
      'std': 0.013278350234031677,
    }),
    'summed_ground_process_intensity_stats': dict({
      'max': 0.07213348895311356,
      'mean': 0.06210869178175926,
      'min': 0.055676914751529694,
      'shape': tuple(
        10,
      ),
      'std': 0.005668018013238907,
    }),
  })
# ---
# name: test_clusterless_kde_local_likelihood_snapshot
  dict({
    'dtype': 'float32',
    'first_5': list([
      -0.005320119671523571,
      -5.756814002990723,
      -5.767607688903809,
      -0.018674537539482117,
      -0.018306149169802666,
    ]),
    'last_5': list([
      -5.756814002990723,
      -5.767607688903809,
      -0.018674537539482117,
      -0.018306149169802666,
      -0.001727289636619389,
    ]),
    'max': -0.001727289636619389,
    'mean': -1.928074836730957,
    'min': -5.767607688903809,
    'shape': tuple(
      6,
      1,
    ),
    'std': 2.7111523151397705,
    'sum': -11.568449020385742,
  })
# ---
# name: test_clusterless_kde_nonlocal_likelihood_snapshot
  dict({
    'dtype': 'float32',
    'first_5': list([
      -6.313708305358887,
      -5.946018218994141,
      -6.00192928314209,
      -6.404122829437256,
      -6.639653205871582,
    ]),
    'last_5': list([
      -0.03675157576799393,
      -0.034884270280599594,
      -0.0266812052577734,
      -0.015717117115855217,
      -0.00692210765555501,
    ]),
    'max': -0.00692210765555501,
    'mean': -4.354039669036865,
    'min': -10.636346817016602,
    'shape': tuple(
      11,
      10,
    ),
    'std': 3.3622663021087646,
    'sum': -478.9443664550781,
  })
# ---
