# serializer version: 1
# name: test_sorted_spikes_kde_encoding_model_snapshot
  dict({
    'mean_rates': list([
      0.024875622242689133,
      0.019900497049093246,
      0.024875622242689133,
      0.014925372786819935,
    ]),
    'n_neurons': 4,
    'no_spike_part_log_likelihood_stats': dict({
      'max': 0.09434086829423904,
      'mean': 0.08575793355703354,
      'min': 0.07575342804193497,
      'shape': tuple(
        10,
      ),
      'std': 0.005732208024710417,
    }),
    'occupancy_stats': dict({
      'max': 0.09949125349521637,
      'mean': 0.09030207246541977,
      'min': 0.06626125425100327,
      'shape': tuple(
        10,
      ),
      'std': 0.012632736936211586,
    }),
    'place_fields_stats': dict({
      'max': 0.053524088114500046,
      'mean': 0.021439483389258385,
      'min': 0.0012178084580227733,
      'shape': tuple(
        4,
        10,
      ),
      'std': 0.010895122773945332,
    }),
  })
# ---
# name: test_sorted_spikes_kde_local_likelihood_snapshot
  dict({
    'dtype': 'float32',
    'first_5': list([
      -4.384701728820801,
      -8.317499160766602,
      -3.7030904293060303,
      -3.8359668254852295,
      -3.804558753967285,
    ]),
    'last_5': list([
      -8.317499160766602,
      -3.7030904293060303,
      -3.8359668254852295,
      -3.804558753967285,
      -0.006083079148083925,
    ]),
    'max': -0.006083079148083925,
    'mean': -4.0086493492126465,
    'min': -8.317499160766602,
    'shape': tuple(
      6,
      1,
    ),
    'std': 2.411533832550049,
    'sum': -24.051897048950195,
  })
# ---
# name: test_sorted_spikes_kde_nonlocal_likelihood_snapshot
  dict({
    'dtype': 'float32',
    'first_5': list([
      -4.709963798522949,
      -4.01280403137207,
      -3.992805242538452,
      -4.0296101570129395,
      -3.3786098957061768,
    ]),
    'last_5': list([
      -0.06376601755619049,
      -0.05675554275512695,
      -0.050452765077352524,
      -0.04556235671043396,
      -0.035704467445611954,
    ]),
    'max': -0.02684459090232849,
    'mean': -3.2990827560424805,
    'min': -6.716692924499512,
    'shape': tuple(
      11,
      10,
    ),
    'std': 1.69065523147583,
    'sum': -362.89910888671875,
  })
# ---
